POST /api/v1/comments/1 404 157 - 4.599 ms
GET /api/v1/comments/1 500 74 - 19.073 ms
GET /api/v1/comments/1 500 74 - 4.252 ms
GET /api/v1/comments/4 200 855 - 8.364 ms
GET /api/v1/comments/4 200 396 - 14.809 ms
GET /api/v1/comments/4 200 396 - 22.895 ms
GET /api/v1/comments/4 200 406 - 13.189 ms
GET /api/v1/comments/4 500 67 - 15.038 ms
GET /api/v1/comments/4 500 67 - 14.894 ms
GET /api/v1/comments/4 500 67 - 12.809 ms
GET /api/v1/comments/4 200 351 - 14.734 ms
GET /api/v1/comments/4 500 67 - 20.909 ms
GET /api/v1/comments/4 200 351 - 12.396 ms
GET /api/v1/comments/4 500 67 - 17.482 ms
GET /api/v1/comments/4 500 67 - 11.294 ms
GET /api/v1/comments/4 500 67 - 5.620 ms
GET /api/v1/comments/4 500 67 - 20.753 ms
GET /api/v1/comments/4 500 67 - 6.024 ms
GET /api/v1/comments/4 200 483 - 17.324 ms
GET /api/v1/comments/4 500 75 - 22.048 ms
GET /api/v1/users/1/comments 400 77 - 13.069 ms
GET /api/v1/users/1/comments 400 77 - 3.748 ms
GET /api/v1/users/1/comments 200 115 - 14.014 ms
GET /api/v1/users/1/comments 500 61 - 29.036 ms
GET /api/v1/users/1/comments 500 61 - 27.279 ms
GET /api/v1/users/1/comments 500 61 - 36.247 ms
GET /api/v1/users/1/comments 200 309 - 28.570 ms
GET /api/v1/users/1/comments 200 309 - 29.530 ms
GET /api/v1/users/1/comments 200 309 - 19.599 ms
GET /api/v1/users/1/comments 500 61 - 23.419 ms
GET /api/v1/users/1/comments 500 61 - 19.681 ms
GET /api/v1/users/1/comments 500 61 - 13.880 ms
POST /api/v1/users/login/ 200 323 - 477.881 ms
GET /api/v1/users/1/comments 500 61 - 15.095 ms
GET /api/v1/users/1/comments 500 61 - 9.195 ms
GET /api/v1/users/1/comments 200 1457 - 35.389 ms
GET /api/v1/users/2/comments 200 615 - 52.314 ms
GET /api/v1/users/3/comments 200 591 - 11.104 ms
GET /api/v1/book/3/comments 404 161 - 4.808 ms
GET /api/v1/book/2/comments 404 161 - 0.917 ms
GET /api/v1/book/2/comments 404 161 - 0.898 ms
GET /api/v1/books/2/comments 500 71 - 25.925 ms
GET /api/v1/books/2/comments 500 71 - 11.912 ms
GET /api/v1/books/2/comments 500 71 - 12.049 ms
GET /api/v1/books/2/comments 500 71 - 22.375 ms
GET /api/v1/books/2/comments 500 71 - 14.335 ms
GET /api/v1/books/2/comments 500 71 - 9.506 ms
GET /api/v1/books/2/comments 500 71 - 9.436 ms
GET /api/v1/books/2/comments 500 71 - 5.956 ms
GET /api/v1/books/2/comments 500 71 - 20.009 ms
GET /api/v1/books/2/comments 500 71 - 3.583 ms
GET /api/v1/books/2/comments 500 71 - 22.008 ms
GET /api/v1/books/2/comments 500 71 - 6.128 ms
GET /api/v1/books/2/comments 500 71 - 9.499 ms
GET /api/v1/books/2/comments 500 71 - 3.678 ms
GET /api/v1/books/2/comments 500 71 - 9.166 ms
GET /api/v1/books/2/comments 404 162 - 3.038 ms
GET /api/v1/books/2/comments 404 162 - 1.203 ms
GET /api/v1/comments/2 500 74 - 17.694 ms
GET /api/v1/comments/2 500 74 - 5.284 ms
GET /api/v1/users/2/comments 200 615 - 12.588 ms
GET /api/v1/users/2/comments 200 615 - 16.956 ms
GET /api/v1/users/2/comments 200 615 - 15.536 ms
