GET /api/v1/categories/5e90478549941f52dcb01b34 200 9811 - 494.463 ms
GET /api/v1/categories/5e90478549941f52dcb01b34 200 9811 - 325.996 ms
GET /api/v1/categories/5e90478549941f52dcb01b34 200 9811 - 309.089 ms
GET /api/v1/categories/5e90478549941f52dcb01b34 200 9811 - 283.242 ms
GET /api/v1/categories/5e90478549941f52dcb01b34 200 9811 - 288.017 ms
GET /api/v1/categories/5e90478549941f52dcb01b34 200 9811 - 288.300 ms
GET /api/v1/categories/5e90478549941f52dcb01b34 200 9811 - 284.884 ms
GET /api/v1/categories/5e90478549941f52dcb01b34 200 9811 - 286.073 ms
GET /api/v1/categories/5e90478549941f52dcb01b34 200 9811 - 285.740 ms
GET /api/v1/categories/5e90478549941f52dcb01b34 200 9811 - 289.188 ms
GET /api/v1/categories/5e90478549941f52dcb01b34 200 9811 - 279.874 ms
GET /api/v1/categories/5e90478549941f52dcb01b34 200 9811 - 298.464 ms
GET /api/v1/categories/5e90478549941f52dcb01b34 200 9811 - 300.541 ms
GET /api/v1/categories/5e90478549941f52dcb01b34 200 9811 - 459.897 ms
POST /api/v1/users/login/ 200 323 - 357.230 ms
GET /api/v1/books 200 11293 - 1179.988 ms
POST /api/v1/comments 500 82 - 24.110 ms
POST /api/v1/comments 500 82 - 11.326 ms
POST /api/v1/comments 500 82 - 8.699 ms
POST /api/v1/comments 500 82 - 10.134 ms
POST /api/v1/comments 500 63 - 76.387 ms
POST /api/v1/comments 500 63 - 16.735 ms
POST /api/v1/comments 500 63 - 14.547 ms
POST /api/v1/comments 500 63 - 12.216 ms
POST /api/v1/comments 500 68 - 58.707 ms
POST /api/v1/comments 500 68 - 15.885 ms
POST /api/v1/comments 500 68 - 15.187 ms
POST /api/v1/comments 500 63 - 56.590 ms
POST /api/v1/comments 500 63 - 20.582 ms
POST /api/v1/comments 500 63 - 53.346 ms
POST /api/v1/comments 500 63 - 17.955 ms
POST /api/v1/comments 500 63 - 13.006 ms
POST /api/v1/comments 500 63 - 17.607 ms
POST /api/v1/comments 200 182 - 138.466 ms
POST /api/v1/comments 200 182 - 45.756 ms
POST /api/v1/users/login/ 200 323 - 260.943 ms
PUT /api/v1/comments/1 200 170 - 61.978 ms
GET /api/v1/comments/1 200 170 - 30.426 ms
DELETE /api/v1/comments/1 404 159 - 5.969 ms
DELETE /api/v1/comments/1 500 50 - 28.647 ms
DELETE /api/v1/comments/1 500 50 - 40.890 ms
DELETE /api/v1/comments/1 500 50 - 11.876 ms
DELETE /api/v1/comments/1 500 50 - 25.654 ms
DELETE /api/v1/comments/1 500 50 - 10.992 ms
DELETE /api/v1/comments/1 500 50 - 25.651 ms
DELETE /api/v1/comments/1 500 50 - 11.916 ms
DELETE /api/v1/comments/1 500 50 - 29.917 ms
DELETE /api/v1/comments/1 500 50 - 6.802 ms
DELETE /api/v1/comments/1 200 61 - 32.951 ms
PUT /api/v1/comments 404 154 - 2.745 ms
GET /api/v1/comments 404 154 - 0.640 ms
GET /api/v1/comments 200 84 - 28.266 ms
GET /api/v1/comments?select=name%20price&sort=-price&price[$lt]=30000&page=3 200 98 - 20.775 ms
GET /api/v1/comments?select=name%20price&sort=-price&price[$lt]=30000&page=3 200 98 - 13.835 ms
GET /api/v1/comments?select=name%20price&sort=-price&price[$lt]=30000&page=3 200 98 - 11.303 ms
GET /api/v1/comments?select=name%20price&sort=-price&price[$lt]=30000&page=3 200 412 - 25.636 ms
GET /api/v1/comments?select=name%20price&sort=-price&price[$lt]=30000&page=3 200 412 - 21.961 ms
GET /api/v1/comments?select=name%20price&sort=-price&price[$lt]=30000&page=3 200 412 - 32.267 ms
GET /api/v1/comments?select=name%20userId=1&page=3 200 412 - 33.693 ms
GET /api/v1/comments 200 398 - 33.311 ms
POST /api/v1/users/login/ 200 323 - 227.819 ms
POST /api/v1/users/login/ 200 323 - 202.318 ms
POST /api/v1/comments 500 234 - 20.685 ms
