POST /api/v1/users/login 200 323 - 204.212 ms
POST /api/v1/users/login 500 84 - 0.897 ms
POST /api/v1/users/login 500 84 - 0.938 ms
POST /api/v1/users/login 500 84 - 0.913 ms
POST /api/v1/users/login 401 88 - 141.074 ms
POST /api/v1/users/login 401 88 - 140.186 ms
POST /api/v1/users/login 401 88 - 139.989 ms
POST /api/v1/users/login 401 88 - 139.366 ms
POST /api/v1/users/login 401 88 - 139.414 ms
POST /api/v1/users/login 500 84 - 0.941 ms
POST /api/v1/users/login 401 88 - 139.995 ms
POST /api/v1/users/login 401 88 - 140.384 ms
POST /api/v1/users/login 500 84 - 0.633 ms
POST /api/v1/users/login 500 84 - 0.813 ms
POST /api/v1/users/login 500 84 - 1.050 ms
POST /api/v1/users/login 401 88 - 140.325 ms
POST /api/v1/users/login 401 88 - 140.117 ms
POST /api/v1/users/login 401 88 - 146.126 ms
POST /api/v1/users/login 401 88 - 139.448 ms
POST /api/v1/users/login 500 84 - 1.153 ms
POST /api/v1/users/login 500 84 - 1.092 ms
POST /api/v1/users/login 401 88 - 140.015 ms
POST /api/v1/users/login 401 88 - 139.229 ms
POST /api/v1/users/login 401 88 - 139.492 ms
POST /api/v1/users/login 200 323 - 205.458 ms
POST /api/v1/users/login 200 323 - 203.562 ms
POST /api/v1/users/login 200 323 - 206.714 ms
GET /api/v1/books 200 11293 - 1472.282 ms
GET /api/v1/books 200 11293 - 435.095 ms
GET /api/v1/books 200 11293 - 436.511 ms
GET /api/v1/books 200 11293 - 440.211 ms
GET /api/v1/books 200 11293 - 445.310 ms
GET /api/v1/books 200 11293 - 436.099 ms
GET /api/v1/books 200 11293 - 443.699 ms
GET /api/v1/books 200 11293 - 442.746 ms
GET /api/v1/books 200 11293 - 435.000 ms
GET /api/v1/books 200 11293 - 444.362 ms
GET /api/v1/books 200 11293 - 433.476 ms
GET /api/v1/books 200 11293 - 435.772 ms
GET /api/v1/books 200 11293 - 431.113 ms
GET /api/v1/books 200 11293 - 434.385 ms
GET /api/v1/books 200 11293 - 432.774 ms
GET /api/v1/books 200 11293 - 437.384 ms
GET /api/v1/books 200 11293 - 430.471 ms
GET /api/v1/books 200 11293 - 434.099 ms
GET /api/v1/books 200 11293 - 432.460 ms
GET /api/v1/books 200 11293 - 431.201 ms
GET /api/v1/books 200 11293 - 430.437 ms
GET /api/v1/books?limit= 200 11293 - 434.931 ms
GET /api/v1/books?limit=50 200 34546 - 574.986 ms
GET /api/v1/books?limit=50 200 34546 - 575.746 ms
GET /api/v1/books?limit=50 200 34546 - 572.586 ms
GET /api/v1/books?limit=50 200 34546 - 596.634 ms
GET /api/v1/books?limit=50 200 34546 - 563.477 ms
GET /api/v1/books?limit=50 200 34546 - 572.889 ms
GET /api/v1/books?limit=50 200 34546 - 572.316 ms
GET /api/v1/books?limit=50 200 34546 - 576.695 ms
GET /api/v1/books?limit=50 200 34546 - 575.668 ms
GET /api/v1/books?limit=50 200 34546 - 582.839 ms
GET /api/v1/books?limit=50 200 34546 - 602.817 ms
GET /api/v1/books?limit=50 200 34546 - 577.531 ms
GET /api/v1/books?limit=50 200 34546 - 578.801 ms
GET /api/v1/books?limit=50 200 34546 - 580.741 ms
GET /api/v1/books?limit=50 200 34546 - 573.081 ms
GET /api/v1/books?limit=50 200 34546 - 578.377 ms
GET /api/v1/books?limit=50 200 34546 - 575.385 ms
GET /api/v1/books?limit=50 200 34546 - 572.979 ms
GET /api/v1/books?limit=50 200 34546 - 580.628 ms
GET /api/v1/books?limit=50 200 34546 - 578.418 ms
GET /api/v1/books?limit=50 200 34546 - 581.935 ms
GET /api/v1/books?limit=50 200 34546 - 561.693 ms
GET /api/v1/books?limit=50 200 34546 - 576.571 ms
GET /api/v1/books?limit=50 304 - - 570.904 ms
GET /api/v1/books?limit=50 304 - - 569.400 ms
GET /api/v1/books?limit=50 200 34546 - 571.566 ms
GET /api/v1/books?limit=50 200 34546 - 571.072 ms
GET /api/v1/books?limit=50 200 34546 - 577.236 ms
GET /api/v1/books?limit=50 200 34546 - 573.308 ms
GET /api/v1/books?limit=50 200 34546 - 569.781 ms
GET /api/v1/books?limit=50 200 34546 - 574.986 ms
GET /api/v1/books?limit=50 200 34546 - 575.300 ms
GET /api/v1/books?limit=50 200 34546 - 577.675 ms
GET /api/v1/books?limit=50 200 34546 - 583.036 ms
GET /api/v1/books?limit=50 304 - - 580.631 ms
GET /api/v1/books?limit=50 304 - - 615.019 ms
GET /api/v1/books?limit=50 304 - - 579.028 ms
GET /api/v1/books?limit=50 304 - - 580.726 ms
GET /api/v1/books?limit=50 304 - - 575.812 ms
GET /api/v1/books?limit=50 304 - - 575.352 ms
POST /api/v1/users/login 200 323 - 202.289 ms
GET /api/v1/books?limit=50 304 - - 572.966 ms
GET /api/v1/books?limit=50 304 - - 574.593 ms
GET /api/v1/books?limit=50 304 - - 576.113 ms
GET /api/v1/books/68285c9089b69e84870728d1 200 2061 - 292.705 ms
GET /api/v1/books?limit=50 304 - - 575.512 ms
GET /api/v1/books/68285c9089b69e84870728d0 200 2184 - 311.449 ms
GET /api/v1/books?limit=50 304 - - 573.299 ms
GET /api/v1/books/68285c9089b69e84870728d5 200 1531 - 286.736 ms
GET /api/v1/books?limit=50 304 - - 573.753 ms
GET /api/v1/books/68285c9089b69e84870728da 200 1990 - 285.980 ms
GET /api/v1/books?limit=50 304 - - 575.397 ms
GET /api/v1/books/68285c9089b69e84870728d0 304 - - 287.672 ms
GET /api/v1/books?limit=50 304 - - 587.471 ms
GET /api/v1/books/68285c9089b69e84870728d1 304 - - 287.469 ms
GET /api/v1/books?limit=50 304 - - 590.905 ms
GET /api/v1/books/68285c9089b69e84870728d2 200 2239 - 318.284 ms
GET /api/v1/books/68285c9089b69e84870728d2 304 - - 288.656 ms
GET /api/v1/books?limit=50 304 - - 583.151 ms
GET /api/v1/books/688515653a1148322b145e1b 200 998 - 294.747 ms
PUT /api/v1/books/688515653a1148322b145e1b 401 175 - 0.953 ms
POST /api/v1/users/login 200 323 - 205.782 ms
GET /api/v1/books?limit=50 304 - - 580.408 ms
GET /api/v1/books/68285c9089b69e84870728d1 304 - - 287.989 ms
PUT /api/v1/books/68285c9089b69e84870728d1 401 175 - 1.312 ms
GET /api/v1/books/68285c9089b69e84870728d1 200 2061 - 286.929 ms
GET /api/v1/books/68285c9089b69e84870728d1 304 - - 286.387 ms
GET /api/v1/books/68285c9089b69e84870728d1 304 - - 284.712 ms
GET /api/v1/books/68285c9089b69e84870728d1 304 - - 291.333 ms
PUT /api/v1/books/68285c9089b69e84870728d1 401 175 - 0.920 ms
PUT /api/v1/books/68285c9089b69e84870728d1 401 175 - 0.829 ms
GET /api/v1/books/68285c9089b69e84870728d1 200 2061 - 288.498 ms
PUT /api/v1/books/68285c9089b69e84870728d1 200 1846 - 307.344 ms
DELETE /api/v1/books/68285c9089b69e84870728d1 200 1874 - 431.842 ms
GET /api/v1/books?limit=50 200 32482 - 572.988 ms
GET /api/v1/books/68285c9089b69e84870728e0 200 1091 - 285.625 ms
DELETE /api/v1/books/68285c9089b69e84870728e0 200 907 - 431.725 ms
GET /api/v1/books?limit=50 200 31414 - 573.572 ms
GET /api/v1/books/68285c9089b69e84870728de 200 2969 - 286.204 ms
GET /api/v1/books?limit=50 304 - - 582.476 ms
POST /api/v1/users/login/ 200 323 - 284.749 ms
GET /api/v1/users/ 200 939 - 325.459 ms
GET /api/v1/users/ 500 41 - 10.042 ms
GET /api/v1/users/ 500 41 - 3.152 ms
GET /api/v1/users/ 500 41 - 1.807 ms
POST /api/v1/users/login/ 200 323 - 414.562 ms
GET /api/v1/users/ 200 939 - 398.453 ms
GET /api/v1/users/ 500 41 - 1.507 ms
POST /api/v1/users/login/ 200 323 - 363.283 ms
GET /api/v1/comments 200 713 - 42.164 ms
GET /api/v1/comments 200 713 - 33.041 ms
