GET /api/v1/books?limit=50 304 - - 662.343 ms
POST /api/v1/users/login 200 323 - 217.822 ms
GET /api/v1/books?limit=50 200 31414 - 641.225 ms
GET /api/v1/books/68285c9089b69e84870728d4 200 2327 - 2324.575 ms
DELETE /api/v1/books/68285c9089b69e84870728d4 500 71 - 2.271 ms
DELETE /api/v1/books/68285c9089b69e84870728d4 200 2170 - 469.877 ms
GET /api/v1/books?limit=50 200 29149 - 599.714 ms
GET /api/v1/books/68285c9089b69e84870728d0 200 2171 - 4115.995 ms
GET /api/v1/books?limit=50 200 29149 - 632.260 ms
GET /api/v1/books?limit=50 200 29149 - 618.725 ms
GET /api/v1/books?limit=50 - - - - ms
GET /api/v1/books?limit=50 - - - - ms
GET /api/v1/books?limit=50 - - - - ms
GET /api/v1/books?limit=50 200 29149 - 2494.251 ms
GET /api/v1/books?limit=50 200 29149 - 614.840 ms
GET /api/v1/books?limit=50 200 29149 - 651.281 ms
POST /api/v1/users/login/ 200 323 - 312.421 ms
POST /api/v1/users/login/ 400 77 - 8.442 ms
POST /api/v1/users/login/ 200 323 - 246.487 ms
POST /api/v1/users/login/ 200 323 - 325.718 ms
GET /favicon.ico 404 150 - 1.092 ms
